// Jest Snapshot v1, https://goo.gl/fbAQLP

exports[`parseConfigFile should pass 1`] = `
{
  "dst": {
    "catalog": {},
    "config": {
      "edition_config": {
        "api_key": "***",
        "api_url": "https://prod.api.faros.ai",
        "edition": "cloud",
        "graph": "default",
      },
    },
    "dockerOptions": "--memory 2048m --cpus 2",
    "image": "farosai/airbyte-servicenow-destination",
  },
  "src": {
    "catalog": {},
    "config": {
      "password": "***",
      "url": "https://test-instance.service-now.com",
      "username": "test-username",
    },
    "dockerOptions": "--memory 2048m --cpus 2",
    "image": "farosai/airbyte-servicenow-source",
  },
}
`;

exports[`write files to temporary dir loadStateFile should pass with existing state file 1`] = `
"{"format":"base64/gzip","data":"dGVzdA=="}
"
`;
